[0.606s] Invoking command in '/home/f6amy/ws_ros2/src/simple_pubsub': PYTHONPATH=/home/f6amy/ws_ros2/build/simple_pubsub/prefix_override:/usr/lib/python3/dist-packages/colcon_core/task/python/colcon_distutils_commands:/home/f6amy/ws_ros2/install/simple_pubsub/lib/python3.10/site-packages:${PYTHONPATH} /usr/bin/python3 -W ignore:setup.py install is deprecated -W ignore:easy_install command is deprecated setup.py egg_info --egg-base ../../build/simple_pubsub build --build-base /home/f6amy/ws_ros2/build/simple_pubsub/build install --record /home/f6amy/ws_ros2/build/simple_pubsub/install.log --single-version-externally-managed install_data
[0.764s] running egg_info
[0.765s] writing ../../build/simple_pubsub/simple_pubsub.egg-info/PKG-INFO
[0.766s] writing dependency_links to ../../build/simple_pubsub/simple_pubsub.egg-info/dependency_links.txt
[0.766s] writing entry points to ../../build/simple_pubsub/simple_pubsub.egg-info/entry_points.txt
[0.766s] writing requirements to ../../build/simple_pubsub/simple_pubsub.egg-info/requires.txt
[0.766s] writing top-level names to ../../build/simple_pubsub/simple_pubsub.egg-info/top_level.txt
[0.768s] reading manifest file '../../build/simple_pubsub/simple_pubsub.egg-info/SOURCES.txt'
[0.770s] writing manifest file '../../build/simple_pubsub/simple_pubsub.egg-info/SOURCES.txt'
[0.771s] running build
[0.771s] running build_py
[0.771s] running install
[0.771s] running install_lib
[0.774s] running install_data
[0.775s] running install_egg_info
[0.776s] removing '/home/f6amy/ws_ros2/install/simple_pubsub/lib/python3.10/site-packages/simple_pubsub-0.0.0-py3.10.egg-info' (and everything under it)
[0.776s] Copying ../../build/simple_pubsub/simple_pubsub.egg-info to /home/f6amy/ws_ros2/install/simple_pubsub/lib/python3.10/site-packages/simple_pubsub-0.0.0-py3.10.egg-info
[0.777s] running install_scripts
[0.793s] Installing listener script to /home/f6amy/ws_ros2/install/simple_pubsub/lib/simple_pubsub
[0.793s] Installing talker script to /home/f6amy/ws_ros2/install/simple_pubsub/lib/simple_pubsub
[0.794s] writing list of installed files to '/home/f6amy/ws_ros2/build/simple_pubsub/install.log'
[0.813s] Invoked command in '/home/f6amy/ws_ros2/src/simple_pubsub' returned '0': PYTHONPATH=/home/f6amy/ws_ros2/build/simple_pubsub/prefix_override:/usr/lib/python3/dist-packages/colcon_core/task/python/colcon_distutils_commands:/home/f6amy/ws_ros2/install/simple_pubsub/lib/python3.10/site-packages:${PYTHONPATH} /usr/bin/python3 -W ignore:setup.py install is deprecated -W ignore:easy_install command is deprecated setup.py egg_info --egg-base ../../build/simple_pubsub build --build-base /home/f6amy/ws_ros2/build/simple_pubsub/build install --record /home/f6amy/ws_ros2/build/simple_pubsub/install.log --single-version-externally-managed install_data
