[0.698s] Invoking command in '/home/f6amy/ws_ros2/src/simple_pubsub': PYTHONPATH=/home/f6amy/ws_ros2/build/simple_pubsub/prefix_override:/usr/lib/python3/dist-packages/colcon_core/task/python/colcon_distutils_commands:/home/f6amy/ws_ros2/install/simple_pubsub/lib/python3.10/site-packages:${PYTHONPATH} /usr/bin/python3 -W ignore:setup.py install is deprecated -W ignore:easy_install command is deprecated setup.py egg_info --egg-base ../../build/simple_pubsub build --build-base /home/f6amy/ws_ros2/build/simple_pubsub/build install --record /home/f6amy/ws_ros2/build/simple_pubsub/install.log --single-version-externally-managed install_data
[0.901s] running egg_info
[0.902s] creating ../../build/simple_pubsub/simple_pubsub.egg-info
[0.902s] writing ../../build/simple_pubsub/simple_pubsub.egg-info/PKG-INFO
[0.902s] writing dependency_links to ../../build/simple_pubsub/simple_pubsub.egg-info/dependency_links.txt
[0.903s] writing entry points to ../../build/simple_pubsub/simple_pubsub.egg-info/entry_points.txt
[0.903s] writing requirements to ../../build/simple_pubsub/simple_pubsub.egg-info/requires.txt
[0.903s] writing top-level names to ../../build/simple_pubsub/simple_pubsub.egg-info/top_level.txt
[0.903s] writing manifest file '../../build/simple_pubsub/simple_pubsub.egg-info/SOURCES.txt'
[0.904s] reading manifest file '../../build/simple_pubsub/simple_pubsub.egg-info/SOURCES.txt'
[0.905s] writing manifest file '../../build/simple_pubsub/simple_pubsub.egg-info/SOURCES.txt'
[0.905s] running build
[0.905s] running build_py
[0.905s] creating /home/f6amy/ws_ros2/build/simple_pubsub/build
[0.905s] creating /home/f6amy/ws_ros2/build/simple_pubsub/build/lib
[0.905s] creating /home/f6amy/ws_ros2/build/simple_pubsub/build/lib/simple_pubsub
[0.906s] copying simple_pubsub/__init__.py -> /home/f6amy/ws_ros2/build/simple_pubsub/build/lib/simple_pubsub
[0.906s] copying simple_pubsub/talker.py -> /home/f6amy/ws_ros2/build/simple_pubsub/build/lib/simple_pubsub
[0.906s] copying simple_pubsub/listener.py -> /home/f6amy/ws_ros2/build/simple_pubsub/build/lib/simple_pubsub
[0.907s] running install
[0.907s] running install_lib
[0.908s] creating /home/f6amy/ws_ros2/install/simple_pubsub/lib/python3.10/site-packages/simple_pubsub
[0.908s] copying /home/f6amy/ws_ros2/build/simple_pubsub/build/lib/simple_pubsub/__init__.py -> /home/f6amy/ws_ros2/install/simple_pubsub/lib/python3.10/site-packages/simple_pubsub
[0.908s] copying /home/f6amy/ws_ros2/build/simple_pubsub/build/lib/simple_pubsub/talker.py -> /home/f6amy/ws_ros2/install/simple_pubsub/lib/python3.10/site-packages/simple_pubsub
[0.908s] copying /home/f6amy/ws_ros2/build/simple_pubsub/build/lib/simple_pubsub/listener.py -> /home/f6amy/ws_ros2/install/simple_pubsub/lib/python3.10/site-packages/simple_pubsub
[0.909s] byte-compiling /home/f6amy/ws_ros2/install/simple_pubsub/lib/python3.10/site-packages/simple_pubsub/__init__.py to __init__.cpython-310.pyc
[0.910s] byte-compiling /home/f6amy/ws_ros2/install/simple_pubsub/lib/python3.10/site-packages/simple_pubsub/talker.py to talker.cpython-310.pyc
[0.911s] byte-compiling /home/f6amy/ws_ros2/install/simple_pubsub/lib/python3.10/site-packages/simple_pubsub/listener.py to listener.cpython-310.pyc
[0.911s] running install_data
[0.911s] creating /home/f6amy/ws_ros2/install/simple_pubsub/share/ament_index
[0.911s] creating /home/f6amy/ws_ros2/install/simple_pubsub/share/ament_index/resource_index
[0.911s] creating /home/f6amy/ws_ros2/install/simple_pubsub/share/ament_index/resource_index/packages
[0.912s] copying resource/simple_pubsub -> /home/f6amy/ws_ros2/install/simple_pubsub/share/ament_index/resource_index/packages
[0.912s] copying package.xml -> /home/f6amy/ws_ros2/install/simple_pubsub/share/simple_pubsub
[0.912s] running install_egg_info
[0.914s] Copying ../../build/simple_pubsub/simple_pubsub.egg-info to /home/f6amy/ws_ros2/install/simple_pubsub/lib/python3.10/site-packages/simple_pubsub-0.0.0-py3.10.egg-info
[0.915s] running install_scripts
[0.934s] Installing listener script to /home/f6amy/ws_ros2/install/simple_pubsub/lib/simple_pubsub
[0.934s] Installing talker script to /home/f6amy/ws_ros2/install/simple_pubsub/lib/simple_pubsub
[0.935s] writing list of installed files to '/home/f6amy/ws_ros2/build/simple_pubsub/install.log'
[0.957s] Invoked command in '/home/f6amy/ws_ros2/src/simple_pubsub' returned '0': PYTHONPATH=/home/f6amy/ws_ros2/build/simple_pubsub/prefix_override:/usr/lib/python3/dist-packages/colcon_core/task/python/colcon_distutils_commands:/home/f6amy/ws_ros2/install/simple_pubsub/lib/python3.10/site-packages:${PYTHONPATH} /usr/bin/python3 -W ignore:setup.py install is deprecated -W ignore:easy_install command is deprecated setup.py egg_info --egg-base ../../build/simple_pubsub build --build-base /home/f6amy/ws_ros2/build/simple_pubsub/build install --record /home/f6amy/ws_ros2/build/simple_pubsub/install.log --single-version-externally-managed install_data
