running egg_info
writing ../../build/simple_pubsub/simple_pubsub.egg-info/PKG-INFO
writing dependency_links to ../../build/simple_pubsub/simple_pubsub.egg-info/dependency_links.txt
writing entry points to ../../build/simple_pubsub/simple_pubsub.egg-info/entry_points.txt
writing requirements to ../../build/simple_pubsub/simple_pubsub.egg-info/requires.txt
writing top-level names to ../../build/simple_pubsub/simple_pubsub.egg-info/top_level.txt
reading manifest file '../../build/simple_pubsub/simple_pubsub.egg-info/SOURCES.txt'
writing manifest file '../../build/simple_pubsub/simple_pubsub.egg-info/SOURCES.txt'
running build
running build_py
copying simple_pubsub/talker.py -> /home/f6amy/ws_ros2/build/simple_pubsub/build/lib/simple_pubsub
copying simple_pubsub/listener.py -> /home/f6amy/ws_ros2/build/simple_pubsub/build/lib/simple_pubsub
running install
running install_lib
copying /home/f6amy/ws_ros2/build/simple_pubsub/build/lib/simple_pubsub/talker.py -> /home/f6amy/ws_ros2/install/simple_pubsub/lib/python3.10/site-packages/simple_pubsub
copying /home/f6amy/ws_ros2/build/simple_pubsub/build/lib/simple_pubsub/listener.py -> /home/f6amy/ws_ros2/install/simple_pubsub/lib/python3.10/site-packages/simple_pubsub
byte-compiling /home/f6amy/ws_ros2/install/simple_pubsub/lib/python3.10/site-packages/simple_pubsub/talker.py to talker.cpython-310.pyc
byte-compiling /home/f6amy/ws_ros2/install/simple_pubsub/lib/python3.10/site-packages/simple_pubsub/listener.py to listener.cpython-310.pyc
running install_data
running install_egg_info
removing '/home/f6amy/ws_ros2/install/simple_pubsub/lib/python3.10/site-packages/simple_pubsub-0.0.0-py3.10.egg-info' (and everything under it)
Copying ../../build/simple_pubsub/simple_pubsub.egg-info to /home/f6amy/ws_ros2/install/simple_pubsub/lib/python3.10/site-packages/simple_pubsub-0.0.0-py3.10.egg-info
running install_scripts
Installing listener script to /home/f6amy/ws_ros2/install/simple_pubsub/lib/simple_pubsub
Installing talker script to /home/f6amy/ws_ros2/install/simple_pubsub/lib/simple_pubsub
writing list of installed files to '/home/f6amy/ws_ros2/build/simple_pubsub/install.log'
