[0.405s] Invoking command in '/home/f6amy/ws_ros2/src/simple_pubsub': PYTHONPATH=/home/f6amy/ws_ros2/build/simple_pubsub/prefix_override:/usr/lib/python3/dist-packages/colcon_core/task/python/colcon_distutils_commands:/home/f6amy/ws_ros2/install/simple_pubsub/lib/python3.10/site-packages:${PYTHONPATH} /usr/bin/python3 -W ignore:setup.py install is deprecated -W ignore:easy_install command is deprecated setup.py egg_info --egg-base ../../build/simple_pubsub build --build-base /home/f6amy/ws_ros2/build/simple_pubsub/build install --record /home/f6amy/ws_ros2/build/simple_pubsub/install.log --single-version-externally-managed install_data
[0.552s] running egg_info
[0.553s] writing ../../build/simple_pubsub/simple_pubsub.egg-info/PKG-INFO
[0.554s] writing dependency_links to ../../build/simple_pubsub/simple_pubsub.egg-info/dependency_links.txt
[0.554s] writing entry points to ../../build/simple_pubsub/simple_pubsub.egg-info/entry_points.txt
[0.554s] writing requirements to ../../build/simple_pubsub/simple_pubsub.egg-info/requires.txt
[0.554s] writing top-level names to ../../build/simple_pubsub/simple_pubsub.egg-info/top_level.txt
[0.555s] reading manifest file '../../build/simple_pubsub/simple_pubsub.egg-info/SOURCES.txt'
[0.556s] writing manifest file '../../build/simple_pubsub/simple_pubsub.egg-info/SOURCES.txt'
[0.556s] running build
[0.556s] running build_py
[0.556s] copying simple_pubsub/talker.py -> /home/f6amy/ws_ros2/build/simple_pubsub/build/lib/simple_pubsub
[0.556s] copying simple_pubsub/listener.py -> /home/f6amy/ws_ros2/build/simple_pubsub/build/lib/simple_pubsub
[0.556s] running install
[0.557s] running install_lib
[0.557s] copying /home/f6amy/ws_ros2/build/simple_pubsub/build/lib/simple_pubsub/talker.py -> /home/f6amy/ws_ros2/install/simple_pubsub/lib/python3.10/site-packages/simple_pubsub
[0.557s] copying /home/f6amy/ws_ros2/build/simple_pubsub/build/lib/simple_pubsub/listener.py -> /home/f6amy/ws_ros2/install/simple_pubsub/lib/python3.10/site-packages/simple_pubsub
[0.558s] byte-compiling /home/f6amy/ws_ros2/install/simple_pubsub/lib/python3.10/site-packages/simple_pubsub/talker.py to talker.cpython-310.pyc
[0.558s] byte-compiling /home/f6amy/ws_ros2/install/simple_pubsub/lib/python3.10/site-packages/simple_pubsub/listener.py to listener.cpython-310.pyc
[0.558s] running install_data
[0.559s] running install_egg_info
[0.560s] removing '/home/f6amy/ws_ros2/install/simple_pubsub/lib/python3.10/site-packages/simple_pubsub-0.0.0-py3.10.egg-info' (and everything under it)
[0.560s] Copying ../../build/simple_pubsub/simple_pubsub.egg-info to /home/f6amy/ws_ros2/install/simple_pubsub/lib/python3.10/site-packages/simple_pubsub-0.0.0-py3.10.egg-info
[0.561s] running install_scripts
[0.578s] Installing listener script to /home/f6amy/ws_ros2/install/simple_pubsub/lib/simple_pubsub
[0.578s] Installing talker script to /home/f6amy/ws_ros2/install/simple_pubsub/lib/simple_pubsub
[0.578s] writing list of installed files to '/home/f6amy/ws_ros2/build/simple_pubsub/install.log'
[0.597s] Invoked command in '/home/f6amy/ws_ros2/src/simple_pubsub' returned '0': PYTHONPATH=/home/f6amy/ws_ros2/build/simple_pubsub/prefix_override:/usr/lib/python3/dist-packages/colcon_core/task/python/colcon_distutils_commands:/home/f6amy/ws_ros2/install/simple_pubsub/lib/python3.10/site-packages:${PYTHONPATH} /usr/bin/python3 -W ignore:setup.py install is deprecated -W ignore:easy_install command is deprecated setup.py egg_info --egg-base ../../build/simple_pubsub build --build-base /home/f6amy/ws_ros2/build/simple_pubsub/build install --record /home/f6amy/ws_ros2/build/simple_pubsub/install.log --single-version-externally-managed install_data
