[0.145s] DEBUG:colcon:Command line arguments: ['/usr/bin/colcon', 'build']
[0.145s] DEBUG:colcon:Parsed command line arguments: Namespace(log_base=None, log_level=None, verb_name='build', build_base='build', install_base='install', merge_install=False, symlink_install=False, test_result_base=None, continue_on_error=False, executor='parallel', parallel_workers=22, event_handlers=None, ignore_user_meta=False, metas=['./colcon.meta'], base_paths=['.'], packages_ignore=None, packages_ignore_regex=None, paths=None, packages_up_to=None, packages_up_to_regex=None, packages_above=None, packages_above_and_dependencies=None, packages_above_depth=None, packages_select_by_dep=None, packages_skip_by_dep=None, packages_skip_up_to=None, packages_select_build_failed=False, packages_skip_build_finished=False, packages_select_test_failures=False, packages_skip_test_passed=False, packages_select=None, packages_skip=None, packages_select_regex=None, packages_skip_regex=None, packages_start=None, packages_end=None, allow_overriding=[], cmake_args=None, cmake_target=None, cmake_target_skip_unavailable=False, cmake_clean_cache=False, cmake_clean_first=False, cmake_force_configure=False, ament_cmake_args=None, catkin_cmake_args=None, catkin_skip_building_tests=False, verb_parser=<colcon_defaults.argument_parser.defaults.DefaultArgumentsDecorator object at 0x78e00ec27160>, verb_extension=<colcon_core.verb.build.BuildVerb object at 0x78e00ed685b0>, main=<bound method BuildVerb.main of <colcon_core.verb.build.BuildVerb object at 0x78e00ed685b0>>)
[0.241s] Level 1:colcon.colcon_core.package_discovery:discover_packages(colcon_meta) check parameters
[0.241s] Level 1:colcon.colcon_core.package_discovery:discover_packages(recursive) check parameters
[0.241s] Level 1:colcon.colcon_core.package_discovery:discover_packages(ignore) check parameters
[0.241s] Level 1:colcon.colcon_core.package_discovery:discover_packages(path) check parameters
[0.241s] Level 1:colcon.colcon_core.package_discovery:discover_packages(colcon_meta) discover
[0.241s] Level 1:colcon.colcon_core.package_discovery:discover_packages(recursive) discover
[0.241s] INFO:colcon.colcon_core.package_discovery:Crawling recursively for packages in '/home/f6amy/ws_ros2'
[0.241s] Level 1:colcon.colcon_core.package_identification:_identify(.) by extensions ['ignore', 'ignore_ament_install']
[0.241s] Level 1:colcon.colcon_core.package_identification:_identify(.) by extension 'ignore'
[0.241s] Level 1:colcon.colcon_core.package_identification:_identify(.) by extension 'ignore_ament_install'
[0.241s] Level 1:colcon.colcon_core.package_identification:_identify(.) by extensions ['colcon_pkg']
[0.241s] Level 1:colcon.colcon_core.package_identification:_identify(.) by extension 'colcon_pkg'
[0.241s] Level 1:colcon.colcon_core.package_identification:_identify(.) by extensions ['colcon_meta']
[0.241s] Level 1:colcon.colcon_core.package_identification:_identify(.) by extension 'colcon_meta'
[0.241s] Level 1:colcon.colcon_core.package_identification:_identify(.) by extensions ['ros']
[0.241s] Level 1:colcon.colcon_core.package_identification:_identify(.) by extension 'ros'
[0.250s] Level 1:colcon.colcon_core.package_identification:_identify(.) by extensions ['cmake', 'python']
[0.250s] Level 1:colcon.colcon_core.package_identification:_identify(.) by extension 'cmake'
[0.250s] Level 1:colcon.colcon_core.package_identification:_identify(.) by extension 'python'
[0.250s] Level 1:colcon.colcon_core.package_identification:_identify(.) by extensions ['python_setup_py']
[0.250s] Level 1:colcon.colcon_core.package_identification:_identify(.) by extension 'python_setup_py'
[0.250s] Level 1:colcon.colcon_core.package_identification:_identify(build) by extensions ['ignore', 'ignore_ament_install']
[0.250s] Level 1:colcon.colcon_core.package_identification:_identify(build) by extension 'ignore'
[0.250s] Level 1:colcon.colcon_core.package_identification:_identify(build) ignored
[0.250s] Level 1:colcon.colcon_core.package_identification:_identify(install) by extensions ['ignore', 'ignore_ament_install']
[0.250s] Level 1:colcon.colcon_core.package_identification:_identify(install) by extension 'ignore'
[0.250s] Level 1:colcon.colcon_core.package_identification:_identify(install) ignored
[0.250s] Level 1:colcon.colcon_core.package_identification:_identify(log) by extensions ['ignore', 'ignore_ament_install']
[0.250s] Level 1:colcon.colcon_core.package_identification:_identify(log) by extension 'ignore'
[0.250s] Level 1:colcon.colcon_core.package_identification:_identify(log) ignored
[0.250s] Level 1:colcon.colcon_core.package_identification:_identify(src) by extensions ['ignore', 'ignore_ament_install']
[0.250s] Level 1:colcon.colcon_core.package_identification:_identify(src) by extension 'ignore'
[0.250s] Level 1:colcon.colcon_core.package_identification:_identify(src) by extension 'ignore_ament_install'
[0.250s] Level 1:colcon.colcon_core.package_identification:_identify(src) by extensions ['colcon_pkg']
[0.250s] Level 1:colcon.colcon_core.package_identification:_identify(src) by extension 'colcon_pkg'
[0.250s] Level 1:colcon.colcon_core.package_identification:_identify(src) by extensions ['colcon_meta']
[0.250s] Level 1:colcon.colcon_core.package_identification:_identify(src) by extension 'colcon_meta'
[0.250s] Level 1:colcon.colcon_core.package_identification:_identify(src) by extensions ['ros']
[0.250s] Level 1:colcon.colcon_core.package_identification:_identify(src) by extension 'ros'
[0.250s] Level 1:colcon.colcon_core.package_identification:_identify(src) by extensions ['cmake', 'python']
[0.250s] Level 1:colcon.colcon_core.package_identification:_identify(src) by extension 'cmake'
[0.250s] Level 1:colcon.colcon_core.package_identification:_identify(src) by extension 'python'
[0.251s] Level 1:colcon.colcon_core.package_identification:_identify(src) by extensions ['python_setup_py']
[0.251s] Level 1:colcon.colcon_core.package_identification:_identify(src) by extension 'python_setup_py'
[0.251s] Level 1:colcon.colcon_core.package_identification:_identify(src/simple_pubsub) by extensions ['ignore', 'ignore_ament_install']
[0.251s] Level 1:colcon.colcon_core.package_identification:_identify(src/simple_pubsub) by extension 'ignore'
[0.251s] Level 1:colcon.colcon_core.package_identification:_identify(src/simple_pubsub) by extension 'ignore_ament_install'
[0.251s] Level 1:colcon.colcon_core.package_identification:_identify(src/simple_pubsub) by extensions ['colcon_pkg']
[0.251s] Level 1:colcon.colcon_core.package_identification:_identify(src/simple_pubsub) by extension 'colcon_pkg'
[0.251s] Level 1:colcon.colcon_core.package_identification:_identify(src/simple_pubsub) by extensions ['colcon_meta']
[0.251s] Level 1:colcon.colcon_core.package_identification:_identify(src/simple_pubsub) by extension 'colcon_meta'
[0.251s] Level 1:colcon.colcon_core.package_identification:_identify(src/simple_pubsub) by extensions ['ros']
[0.251s] Level 1:colcon.colcon_core.package_identification:_identify(src/simple_pubsub) by extension 'ros'
[0.252s] DEBUG:colcon.colcon_core.package_identification:Package 'src/simple_pubsub' with type 'ros.ament_python' and name 'simple_pubsub'
[0.252s] Level 1:colcon.colcon_core.package_discovery:discover_packages(recursive) using defaults
[0.253s] Level 1:colcon.colcon_core.package_discovery:discover_packages(ignore) discover
[0.253s] Level 1:colcon.colcon_core.package_discovery:discover_packages(ignore) using defaults
[0.253s] Level 1:colcon.colcon_core.package_discovery:discover_packages(path) discover
[0.253s] Level 1:colcon.colcon_core.package_discovery:discover_packages(path) using defaults
[0.266s] Level 1:colcon.colcon_core.package_discovery:discover_packages(prefix_path) check parameters
[0.266s] Level 1:colcon.colcon_core.package_discovery:discover_packages(prefix_path) discover
[0.267s] DEBUG:colcon.colcon_installed_package_information.package_discovery:Found 1 installed packages in /home/f6amy/ws_ros2/install
[0.268s] DEBUG:colcon.colcon_installed_package_information.package_discovery:Found 273 installed packages in /opt/ros/humble
[0.269s] Level 1:colcon.colcon_core.package_discovery:discover_packages(prefix_path) using defaults
[0.299s] Level 5:colcon.colcon_core.verb:set package 'simple_pubsub' build argument 'cmake_args' from command line to 'None'
[0.299s] Level 5:colcon.colcon_core.verb:set package 'simple_pubsub' build argument 'cmake_target' from command line to 'None'
[0.299s] Level 5:colcon.colcon_core.verb:set package 'simple_pubsub' build argument 'cmake_target_skip_unavailable' from command line to 'False'
[0.299s] Level 5:colcon.colcon_core.verb:set package 'simple_pubsub' build argument 'cmake_clean_cache' from command line to 'False'
[0.299s] Level 5:colcon.colcon_core.verb:set package 'simple_pubsub' build argument 'cmake_clean_first' from command line to 'False'
[0.299s] Level 5:colcon.colcon_core.verb:set package 'simple_pubsub' build argument 'cmake_force_configure' from command line to 'False'
[0.299s] Level 5:colcon.colcon_core.verb:set package 'simple_pubsub' build argument 'ament_cmake_args' from command line to 'None'
[0.299s] Level 5:colcon.colcon_core.verb:set package 'simple_pubsub' build argument 'catkin_cmake_args' from command line to 'None'
[0.299s] Level 5:colcon.colcon_core.verb:set package 'simple_pubsub' build argument 'catkin_skip_building_tests' from command line to 'False'
[0.299s] DEBUG:colcon.colcon_core.verb:Building package 'simple_pubsub' with the following arguments: {'ament_cmake_args': None, 'build_base': '/home/f6amy/ws_ros2/build/simple_pubsub', 'catkin_cmake_args': None, 'catkin_skip_building_tests': False, 'cmake_args': None, 'cmake_clean_cache': False, 'cmake_clean_first': False, 'cmake_force_configure': False, 'cmake_target': None, 'cmake_target_skip_unavailable': False, 'install_base': '/home/f6amy/ws_ros2/install/simple_pubsub', 'merge_install': False, 'path': '/home/f6amy/ws_ros2/src/simple_pubsub', 'symlink_install': False, 'test_result_base': None}
[0.299s] INFO:colcon.colcon_core.executor:Executing jobs using 'parallel' executor
[0.301s] DEBUG:colcon.colcon_parallel_executor.executor.parallel:run_until_complete
[0.301s] INFO:colcon.colcon_ros.task.ament_python.build:Building ROS package in '/home/f6amy/ws_ros2/src/simple_pubsub' with build type 'ament_python'
[0.301s] Level 1:colcon.colcon_core.shell:create_environment_hook('simple_pubsub', 'ament_prefix_path')
[0.303s] INFO:colcon.colcon_core.plugin_system:Skipping extension 'colcon_core.shell.bat': Not used on non-Windows systems
[0.303s] INFO:colcon.colcon_core.shell:Creating environment hook '/home/f6amy/ws_ros2/install/simple_pubsub/share/simple_pubsub/hook/ament_prefix_path.ps1'
[0.303s] INFO:colcon.colcon_core.shell:Creating environment descriptor '/home/f6amy/ws_ros2/install/simple_pubsub/share/simple_pubsub/hook/ament_prefix_path.dsv'
[0.304s] INFO:colcon.colcon_core.shell:Creating environment hook '/home/f6amy/ws_ros2/install/simple_pubsub/share/simple_pubsub/hook/ament_prefix_path.sh'
[0.304s] INFO:colcon.colcon_core.shell:Skip shell extension 'powershell' for command environment: Not usable outside of PowerShell
[0.304s] DEBUG:colcon.colcon_core.shell:Skip shell extension 'dsv' for command environment
[0.470s] INFO:colcon.colcon_core.task.python.build:Building Python package in '/home/f6amy/ws_ros2/src/simple_pubsub'
[0.470s] INFO:colcon.colcon_core.shell:Skip shell extension 'powershell' for command environment: Not usable outside of PowerShell
[0.470s] DEBUG:colcon.colcon_core.shell:Skip shell extension 'dsv' for command environment
[0.706s] DEBUG:colcon.colcon_core.event_handler.log_command:Invoking command in '/home/f6amy/ws_ros2/src/simple_pubsub': PYTHONPATH=/home/f6amy/ws_ros2/build/simple_pubsub/prefix_override:/usr/lib/python3/dist-packages/colcon_core/task/python/colcon_distutils_commands:/home/f6amy/ws_ros2/install/simple_pubsub/lib/python3.10/site-packages:${PYTHONPATH} /usr/bin/python3 -W ignore:setup.py install is deprecated -W ignore:easy_install command is deprecated setup.py egg_info --egg-base ../../build/simple_pubsub build --build-base /home/f6amy/ws_ros2/build/simple_pubsub/build install --record /home/f6amy/ws_ros2/build/simple_pubsub/install.log --single-version-externally-managed install_data
[0.898s] DEBUG:colcon.colcon_core.event_handler.log_command:Invoked command in '/home/f6amy/ws_ros2/src/simple_pubsub' returned '0': PYTHONPATH=/home/f6amy/ws_ros2/build/simple_pubsub/prefix_override:/usr/lib/python3/dist-packages/colcon_core/task/python/colcon_distutils_commands:/home/f6amy/ws_ros2/install/simple_pubsub/lib/python3.10/site-packages:${PYTHONPATH} /usr/bin/python3 -W ignore:setup.py install is deprecated -W ignore:easy_install command is deprecated setup.py egg_info --egg-base ../../build/simple_pubsub build --build-base /home/f6amy/ws_ros2/build/simple_pubsub/build install --record /home/f6amy/ws_ros2/build/simple_pubsub/install.log --single-version-externally-managed install_data
[0.899s] Level 1:colcon.colcon_core.environment:checking '/home/f6amy/ws_ros2/install/simple_pubsub' for CMake module files
[0.900s] Level 1:colcon.colcon_core.environment:checking '/home/f6amy/ws_ros2/install/simple_pubsub' for CMake config files
[0.900s] Level 1:colcon.colcon_core.environment:checking '/home/f6amy/ws_ros2/install/simple_pubsub/lib'
[0.900s] Level 1:colcon.colcon_core.environment:checking '/home/f6amy/ws_ros2/install/simple_pubsub/bin'
[0.900s] Level 1:colcon.colcon_core.environment:checking '/home/f6amy/ws_ros2/install/simple_pubsub/lib/pkgconfig/simple_pubsub.pc'
[0.900s] Level 1:colcon.colcon_core.environment:checking '/home/f6amy/ws_ros2/install/simple_pubsub/lib/python3.10/site-packages'
[0.901s] Level 1:colcon.colcon_core.shell:create_environment_hook('simple_pubsub', 'pythonpath')
[0.901s] INFO:colcon.colcon_core.shell:Creating environment hook '/home/f6amy/ws_ros2/install/simple_pubsub/share/simple_pubsub/hook/pythonpath.ps1'
[0.901s] INFO:colcon.colcon_core.shell:Creating environment descriptor '/home/f6amy/ws_ros2/install/simple_pubsub/share/simple_pubsub/hook/pythonpath.dsv'
[0.901s] INFO:colcon.colcon_core.shell:Creating environment hook '/home/f6amy/ws_ros2/install/simple_pubsub/share/simple_pubsub/hook/pythonpath.sh'
[0.902s] Level 1:colcon.colcon_core.environment:checking '/home/f6amy/ws_ros2/install/simple_pubsub/bin'
[0.902s] Level 1:colcon.colcon_core.environment:create_environment_scripts_only(simple_pubsub)
[0.902s] INFO:colcon.colcon_core.shell:Creating package script '/home/f6amy/ws_ros2/install/simple_pubsub/share/simple_pubsub/package.ps1'
[0.903s] INFO:colcon.colcon_core.shell:Creating package descriptor '/home/f6amy/ws_ros2/install/simple_pubsub/share/simple_pubsub/package.dsv'
[0.903s] INFO:colcon.colcon_core.shell:Creating package script '/home/f6amy/ws_ros2/install/simple_pubsub/share/simple_pubsub/package.sh'
[0.903s] INFO:colcon.colcon_core.shell:Creating package script '/home/f6amy/ws_ros2/install/simple_pubsub/share/simple_pubsub/package.bash'
[0.904s] INFO:colcon.colcon_core.shell:Creating package script '/home/f6amy/ws_ros2/install/simple_pubsub/share/simple_pubsub/package.zsh'
[0.904s] Level 1:colcon.colcon_core.environment:create_file_with_runtime_dependencies(/home/f6amy/ws_ros2/install/simple_pubsub/share/colcon-core/packages/simple_pubsub)
[0.904s] DEBUG:colcon.colcon_parallel_executor.executor.parallel:closing loop
[0.905s] DEBUG:colcon.colcon_parallel_executor.executor.parallel:loop closed
[0.905s] DEBUG:colcon.colcon_parallel_executor.executor.parallel:run_until_complete finished with '0'
[0.905s] DEBUG:colcon.colcon_core.event_reactor:joining thread
[0.970s] INFO:colcon.colcon_core.plugin_system:Skipping extension 'colcon_notification.desktop_notification.notify_send': Could not find 'notify-send'
[0.970s] INFO:colcon.colcon_core.plugin_system:Skipping extension 'colcon_notification.desktop_notification.terminal_notifier': Not used on non-Darwin systems
[0.970s] INFO:colcon.colcon_core.plugin_system:Skipping extension 'colcon_notification.desktop_notification.win32': Not used on non-Windows systems
[0.971s] INFO:colcon.colcon_notification.desktop_notification:Sending desktop notification using 'notify2'
[0.971s] DEBUG:colcon.colcon_notification.desktop_notification.notify2:Failed to initialize notify2: org.freedesktop.DBus.Error.FileNotFound: Failed to connect to socket /run/user/1000/bus: No such file or directory
[0.971s] DEBUG:colcon.colcon_core.event_reactor:joined thread
[0.971s] INFO:colcon.colcon_core.shell:Creating prefix script '/home/f6amy/ws_ros2/install/local_setup.ps1'
[0.972s] INFO:colcon.colcon_core.shell:Creating prefix util module '/home/f6amy/ws_ros2/install/_local_setup_util_ps1.py'
[0.972s] INFO:colcon.colcon_core.shell:Creating prefix chain script '/home/f6amy/ws_ros2/install/setup.ps1'
[0.973s] INFO:colcon.colcon_core.shell:Creating prefix script '/home/f6amy/ws_ros2/install/local_setup.sh'
[0.974s] INFO:colcon.colcon_core.shell:Creating prefix util module '/home/f6amy/ws_ros2/install/_local_setup_util_sh.py'
[0.974s] INFO:colcon.colcon_core.shell:Creating prefix chain script '/home/f6amy/ws_ros2/install/setup.sh'
[0.974s] INFO:colcon.colcon_core.shell:Creating prefix script '/home/f6amy/ws_ros2/install/local_setup.bash'
[0.975s] INFO:colcon.colcon_core.shell:Creating prefix chain script '/home/f6amy/ws_ros2/install/setup.bash'
[0.975s] INFO:colcon.colcon_core.shell:Creating prefix script '/home/f6amy/ws_ros2/install/local_setup.zsh'
[0.975s] INFO:colcon.colcon_core.shell:Creating prefix chain script '/home/f6amy/ws_ros2/install/setup.zsh'
